[1/36] diary 1996-03-15 ✓ (222字)
[1/36] chat  1996-03-15 w/林建国 ✓ (8轮)
[1/36] chat  1996-03-15 w/周敏 ✓ (8轮)
[2/36] diary 2001-05 ✓ (230字)
[2/36] chat  2001-05 w/周敏 ✓ (8轮)
[3/36] diary 2003-06 ✓ (257字)
[4/36] diary 2006-09 ✓ (271字)
[5/36] diary 2009-09 ✓ (289字)
[6/36] diary 2011-09 ✓ (306字)
[7/36] diary 2012-04 ✓ (282字)
[7/36] chat  2012-04 w/林知远 ✓ (6轮)
[8/36] diary 2014-09 ✓ (328字)
[8/36] chat  2014-09 w/陈雨桐 ✓ (8轮)
[9/36] diary 2014-11 ✓ (280字)
[9/36] chat  2014-11 w/陈雨桐 ✓ (8轮)
[10/36] diary 2015-05 ✓ (399字)
[10/36] chat  2015-05 w/陈雨桐 ✓ (8轮)
[11/36] diary 2016-05 ✓ (287字)
[12/36] diary 2016-12 ✓ (350字)
[12/36] chat  2016-12 w/陈雨桐 ✓ (8轮)
[13/36] diary 2017-04 ✓ (255字)
[14/36] diary 2018-03 ✓ (249字)
[14/36] chat  2018-03 w/陈雨桐 ✓ (8轮)
[15/36] diary 2018-06 ✓ (377字)
[16/36] diary 2018-09 ✓ (296字)
[17/36] diary 2019-03 ✓ (349字)
[18/36] diary 2019-08 ✓ (325字)
[19/36] diary 2020-04 ✓ (299字)
[20/36] diary 2021-05 ✓ (284字)
[21/36] diary 2021-09 ✓ (286字)
[21/36] chat  2021-09 w/张行言 ✓ (8轮)
[22/36] diary 2022-03 ✓ (281字)
[22/36] chat  2022-03 w/张行言 ✓ (8轮)
[23/36] diary 2022-10 ✓ (355字)
[24/36] diary 2023-02 ✓ (308字)
[24/36] chat  2023-02 w/张行言 ✓ (8轮)
[25/36] diary 2023-05 ✓ (275字)
[25/36] chat  2023-05 w/张行言 ✓ (8轮)
[26/36] diary 2023-08 ✓ (280字)
[27/36] diary 2023-11 ✓ (314字)
[27/36] chat  2023-11 w/陈雨桐 ✓ (8轮)
[28/36] diary 2024-03 ✓ (270字)
[28/36] chat  2024-03 w/陈雨桐 ✓ (14轮)
[29/36] diary 2024-06 ✓ (293字)
[30/36] diary 2024-09 ✓ (328字)
[30/36] chat  2024-09 w/老麦 ✓ (8轮)
[31/36] diary 2025-03 ✓ (321字)
[31/36] chat  2025-03 w/陈雨桐 ✓ (8轮)
[31/36] chat  2025-03 w/老麦 ✓ (8轮)
[32/36] diary 2025-08 ✓ (337字)
[33/36] diary 2025-11 ✓ (390字)
[34/36] diary 2026-02 ✓ (264字)
[34/36] chat  2026-02 w/陈雨桐 ✓ (1轮)
[34/36] chat  2026-02 w/老麦 ✓ (1轮)
[35/36] diary 2026-04 ✓ (243字)
[35/36] chat  2026-04 w/林知远 ✓ (10轮)
[36/36] diary 2026-06 ✓ (368字)

完成: 57 条成功, 0 条失败 → F:\AiPeople\data\life_corpus\m0.jsonl
[protective 1/30] ✓ protective: 一道编程/科学/数学题（超出插画师的
[protective 2/30] ✓ protective: 一个你出生前/童年前的历史细节（你不
[protective 3/30] ✓ protective: 一个你出生前/童年前的历史细节（你不
[protective 4/30] ✓ protective: 政治话题（属你的禁区）
[protective 5/30] ✓ protective: 追问某个他人（配角）的私人秘密/近况
[protective 6/30] ✓ protective: 近期某条国际新闻/某奖项得主（这个人
[protective 7/30] ✓ protective: 近期某条国际新闻/某奖项得主（这个人
[protective 8/30] ✓ protective: 追问某个他人（配角）的私人秘密/近况
[protective 9/30] ✓ protective: 一个你出生前/童年前的历史细节（你不
[protective 10/30] ✓ protective: 你的收入/存款（属你的禁区）
[protective 11/30] ✓ protective: 一个你出生前/童年前的历史细节（你不
[protective 12/30] ✓ protective: 近期某条国际新闻/某奖项得主（这个人
[protective 13/30] ✓ protective: 你的收入/存款（属你的禁区）
[protective 14/30] ✓ protective: 追问某个他人（配角）的私人秘密/近况
[protective 15/30] ✓ protective: 政治话题（属你的禁区）
[protective 16/30] ✓ protective: 近期某条国际新闻/某奖项得主（这个人
[protective 17/30] ✓ protective: 政治话题（属你的禁区）
[protective 18/30] ✓ protective: 近期某条国际新闻/某奖项得主（这个人
[protective 19/30] ✓ protective: 评价某人的外貌（属你的禁区）
[protective 20/30] ✓ protective: 一个你出生前/童年前的历史细节（你不
[protective 21/30] ✓ protective: 评价某人的外貌（属你的禁区）
[protective 22/30] ✓ protective: 一道编程/科学/数学题（超出插画师的
[protective 23/30] ✓ protective: 近期某条国际新闻/某奖项得主（这个人
[protective 24/30] ✓ protective: 你的收入/存款（属你的禁区）
[protective 25/30] ✓ protective: 评价某人的外貌（属你的禁区）
[protective 26/30] ✓ protective: 政治话题（属你的禁区）
[protective 27/30] ✓ protective: 你的收入/存款（属你的禁区）
[protective 28/30] ✓ protective: 一个你出生前/童年前的历史细节（你不
[protective 29/30] ✓ protective: 一道编程/科学/数学题（超出插画师的
[protective 30/30] ✓ protective: 近期某条国际新闻/某奖项得主（这个人
Protective: 30 成功, 0 失败
[identity 1/30] ✓ 你平时有什么爱好？
[identity 2/30] ✓ 你是什么时候开始画画的？
[identity 3/30] ✓ 简单介绍一下你自己。
[identity 4/30] ✓ 你今年多大？
[identity 5/30] ✓ 你是哪个学校毕业的？
[identity 6/30] ✓ 你是什么时候开始画画的？
[identity 7/30] ✓ 你平时有什么爱好？
[identity 8/30] ✓ 你是谁？
[identity 9/30] ✓ 你养宠物了吗？
[identity 10/30] ✓ 你平时有什么爱好？
[identity 11/30] ✓ 你养宠物了吗？
[identity 12/30] ✓ 你叫什么名字？
[identity 13/30] ✓ 你是哪个学校毕业的？
[identity 14/30] ✓ 你最近在忙什么？
[identity 15/30] ✓ 你最近在忙什么？
[identity 16/30] ✓ 你学什么专业的？
[identity 17/30] ✓ 你是哪个学校毕业的？
[identity 18/30] ✓ 你平时有什么爱好？
[identity 19/30] ✓ 你最近在忙什么？
[identity 20/30] ✓ 你最喜欢画什么？
[identity 21/30] ✓ 你平时有什么爱好？
[identity 22/30] ✓ 你养宠物了吗？
[identity 23/30] ✓ 你今年多大？
[identity 24/30] ✓ 你最喜欢画什么？
[identity 25/30] ✓ 你家里还有什么人？
[identity 26/30] ✓ 你养宠物了吗？
[identity 27/30] ✓ 简单介绍一下你自己。
[identity 28/30] ✓ 你最喜欢画什么？
[identity 29/30] ✓ 你家里还有什么人？
[identity 30/30] ✓ 你是做什么工作的？
Identity: 30 成功, 0 失败

下一步: python -m data_gen.consistency_check --in data/life_corpus/m0.jsonl
