=== 生成闲聊 100 条 ===
  [casual 1/100] ✓ 你觉得这周过得快不快 (18轮)
  [casual 2/100] ✓ 你能不能别霸占客厅 (1轮)
  [casual 3/100] ✓ 你今天回来好晚 (10轮)
  [casual 4/100] ✓ 你觉得这周过得快不快 (1轮)
  [casual 5/100] ✓ 今天好冷/好热 (1轮)
  [casual 6/100] ✓ 今天画画了吗 (16轮)
  [casual 7/100] ✓ 你今天回来好晚 (16轮)
  [casual 8/100] ✓ 今天超市打折 (12轮)
  [casual 9/100] ✓ 帮我拿个快递 (12轮)
  [casual 10/100] ✓ 你画的东西好奇怪 (1轮)
  [casual 11/100] ✓ 明天一起出门吧 (1轮)
  [casual 12/100] ✓ 你能不能别霸占客厅 (1轮)
  [casual 13/100] ✓ 帮我算个账 (1轮)
  [casual 14/100] ✓ 你最近在看什么 (16轮)
  [casual 15/100] ✓ 你最近工作怎么样 (14轮)
  [casual 16/100] ✓ 帮我拿个快递 (1轮)
  [casual 17/100] ✓ 你能不能别霸占客厅 (19轮)
  [casual 18/100] ✓ 你房间好乱 (14轮)
  [casual 19/100] ✓ 你怎么又在熬夜 (22轮)
  [casual 20/100] ✓ 你偷吃我零食了吧 (1轮)
  [casual 21/100] ✓ 今天吃什么 (12轮)
  [casual 22/100] ✓ 你偷吃我零食了吧 (14轮)
  [casual 23/100] ✓ 今天吃什么 (1轮)
  [casual 24/100] ✓ 你房间好乱 (1轮)
  [casual 25/100] ✓ 明天一起出门吧 (8轮)
  [casual 26/100] ✓ 你昨天说梦话了 (1轮)
  [casual 27/100] ✓ 你最近在看什么 (8轮)
  [casual 28/100] ✓ 今天好冷/好热 (8轮)
  [casual 29/100] ✓ 你偷吃我零食了吧 (12轮)
  [casual 30/100] ✓ 你觉得这周过得快不快 (10轮)
  [casual 31/100] ✓ 你最近工作怎么样 (1轮)
  [casual 32/100] ✓ 你房间好乱 (8轮)
  [casual 33/100] ✓ 你觉得这周过得快不快 (1轮)
  [casual 34/100] ✓ 该打扫卫生了 (1轮)
  [casual 35/100] ✓ 明天一起出门吧 (1轮)
  [casual 36/100] ✓ 你昨天说梦话了 (1轮)
  [casual 37/100] ✓ 你又在打游戏 (1轮)
  [casual 38/100] ✓ 明天一起出门吧 (12轮)
  [casual 39/100] ✓ 借我充电器 (1轮)
  [casual 40/100] ✓ 你最近在看什么 (8轮)
  [casual 41/100] ✓ 你好吵能不能安静点 (1轮)
  [casual 42/100] ✓ 你又在打游戏 (16轮)
  [casual 43/100] ✓ 周末干什么 (1轮)
  [casual 44/100] ✓ 你最近在看什么 (1轮)
  [casual 45/100] ✓ 明天一起出门吧 (12轮)
  [casual 46/100] ✓ 你最近工作怎么样 (8轮)
  [casual 47/100] ✓ 今天超市打折 (12轮)
  [casual 48/100] ✓ 你画的东西好奇怪 (12轮)
  [casual 49/100] ✓ 你最近工作怎么样 (14轮)
  [casual 50/100] ✓ 明天一起出门吧 (1轮)
  [casual 51/100] ✓ 你觉得这周过得快不快 (1轮)
  [casual 52/100] ✓ 周末干什么 (12轮)
  [casual 53/100] ✓ 今天画画了吗 (1轮)
  [casual 54/100] ✓ 你今天回来好晚 (14轮)
  [casual 55/100] ✓ 你觉得这周过得快不快 (14轮)
  [casual 56/100] ✓ 你昨天说梦话了 (1轮)
  [casual 57/100] ✓ 周末干什么 (9轮)
  [casual 58/100] ✓ 你能不能别霸占客厅 (1轮)
  [casual 59/100] ✓ 你偷吃我零食了吧 (1轮)
  [casual 60/100] ✓ 借我充电器 (1轮)
  [casual 61/100] ✓ 你偷吃我零食了吧 (1轮)
  [casual 62/100] ✓ 明天一起出门吧 (12轮)
  [casual 63/100] ✓ 你最近在看什么 (1轮)
  [casual 64/100] ✓ 你今天回来好晚 (1轮)
  [casual 65/100] ✓ 你昨天说梦话了 (9轮)
  [casual 66/100] ✓ 你觉得这周过得快不快 (14轮)
  [casual 67/100] ✓ 你画的东西好奇怪 (1轮)
  [casual 68/100] ✓ 帮我算个账 (1轮)
  [casual 69/100] ✓ 今天好冷/好热 (12轮)
  [casual 70/100] ✓ 借我充电器 (11轮)
  [casual 71/100] ✓ 你偷吃我零食了吧 (8轮)
  [casual 72/100] ✓ 你觉得这周过得快不快 (1轮)
  [casual 73/100] ✓ 你画的东西好奇怪 (1轮)
  [casual 74/100] ✓ 周末干什么 (1轮)
  [casual 75/100] ✓ 借我充电器 (12轮)
  [casual 76/100] ✓ 帮我拿个快递 (14轮)
  [casual 77/100] ✓ 借我充电器 (12轮)
  [casual 78/100] ✓ 今天超市打折 (8轮)
  [casual 79/100] ✓ 你昨天说梦话了 (1轮)
  [casual 80/100] ✓ 你今天回来好晚 (8轮)
  [casual 81/100] ✓ 你昨天说梦话了 (1轮)
  [casual 82/100] ✓ 你房间好乱 (18轮)
  [casual 83/100] ✓ 你最近工作怎么样 (1轮)
  [casual 84/100] ✓ 你画的东西好奇怪 (1轮)
  [casual 85/100] ✓ 你今天回来好晚 (1轮)
  [casual 86/100] ✓ 你偷吃我零食了吧 (14轮)
  [casual 87/100] ✓ 你画的东西好奇怪 (1轮)
  [casual 88/100] ✓ 你最近工作怎么样 (12轮)
  [casual 89/100] ✓ 周末干什么 (12轮)
  [casual 90/100] ✓ 今天好冷/好热 (16轮)
  [casual 91/100] ✓ 今天吃什么 (8轮)
  [casual 92/100] ✓ 你觉得这周过得快不快 (1轮)
  [casual 93/100] ✓ 你最近在看什么 (1轮)
  [casual 94/100] ✓ 今天吃什么 (12轮)
  [casual 95/100] ✓ 你好吵能不能安静点 (22轮)
  [casual 96/100] ✓ 你房间好乱 (1轮)
  [casual 97/100] ✓ 你又在打游戏 (1轮)
  [casual 98/100] ✓ 你偷吃我零食了吧 (1轮)
  [casual 99/100] ✓ 帮我拿个快递 (10轮)
  [casual 100/100] ✓ 今天画画了吗 (12轮)

=== 生成恋爱场景 80 条 ===
  [romance 1/80] ✓ 暧昧-吵架后和好 (1轮)
  [romance 2/80] ✓ 暧昧-异世界暗示 (1轮)
  [romance 3/80] ✓ 暧昧-不经意接触 (10轮)
  [romance 4/80] ✓ 暧昧-日常关心 (14轮)
  [romance 5/80] ✓ 暧昧-你说她好看 (8轮)
  [romance 6/80] ✓ 暧昧-日常关心 (8轮)
  [romance 7/80] ✓ 暧昧-吵架后和好 (1轮)
  [romance 8/80] ✓ 暧昧-你对她好 (1轮)
  [romance 9/80] ✓ 暧昧-你对她好 (14轮)
  [romance 10/80] ✓ 暧昧-吵架后和好 (1轮)
  [romance 11/80] ✓ 暧昧-不经意接触 (12轮)
  [romance 12/80] ✓ 暧昧-你对她好 (1轮)
  [romance 13/80] ✓ 暧昧-画画秘密 (20轮)
  [romance 14/80] ✓ 暧昧-吵架后和好 (1轮)
  [romance 15/80] ✓ 暧昧-异世界暗示 (1轮)
  [romance 16/80] ✓ 暧昧-吵架后和好 (1轮)
  [romance 17/80] ✓ 暧昧-偷穿衣服 (21轮)
  [romance 18/80] ✓ 暧昧-深夜真心话 (1轮)
  [romance 19/80] ✓ 暧昧-画画秘密 (14轮)
  [romance 20/80] ✓ 暧昧-生日/节日 (16轮)
  [romance 21/80] ✓ 暧昧-生病 (14轮)
  [romance 22/80] ✓ 暧昧-生病 (14轮)
  [romance 23/80] ✓ 暧昧-吃醋 (8轮)
  [romance 24/80] ✓ 暧昧-深夜真心话 (8轮)
  [romance 25/80] ✓ 暧昧-生病 (11轮)
  [romance 26/80] ✓ 暧昧-生病 (14轮)
  [romance 27/80] ✓ 暧昧-生日/节日 (1轮)
  [romance 28/80] ✓ 暧昧-偷穿衣服 (8轮)
  [romance 29/80] ✓ 暧昧-不经意接触 (1轮)
  [romance 30/80] ✓ 暧昧-画画秘密 (12轮)
  [romance 31/80] ✓ 暧昧-不经意接触 (8轮)
  [romance 32/80] ✓ 暧昧-画画秘密 (11轮)
  [romance 33/80] ✓ 暧昧-吵架后和好 (1轮)
  [romance 34/80] ✓ 暧昧-吃醋 (12轮)
  [romance 35/80] ✓ 暧昧-你说她好看 (10轮)
  [romance 36/80] ✓ 暧昧-异世界暗示 (1轮)
  [romance 37/80] ✓ 暧昧-画画秘密 (12轮)
  [romance 38/80] ✓ 暧昧-吵架后和好 (1轮)
  [romance 39/80] ✓ 暧昧-生日/节日 (12轮)
  [romance 40/80] ✓ 暧昧-偷穿衣服 (8轮)
  [romance 41/80] ✓ 暧昧-你对她好 (9轮)
  [romance 42/80] ✓ 暧昧-异世界暗示 (21轮)
  [romance 43/80] ✓ 暧昧-偷穿衣服 (13轮)
  [romance 44/80] ✓ 暧昧-生病 (10轮)
  [romance 45/80] ✓ 暧昧-生日/节日 (1轮)
  [romance 46/80] ✓ 暧昧-偷穿衣服 (12轮)
  [romance 47/80] ✓ 暧昧-你对她好 (1轮)
  [romance 48/80] ✓ 暧昧-日常关心 (1轮)
  [romance 49/80] ✓ 暧昧-不经意接触 (10轮)
  [romance 50/80] ✓ 暧昧-你对她好 (1轮)
  [romance 51/80] ✓ 暧昧-吵架后和好 (1轮)
  [romance 52/80] ✓ 暧昧-偷穿衣服 (10轮)
  [romance 53/80] ✓ 暧昧-生病 (1轮)
  [romance 54/80] ✓ 暧昧-画画秘密 (13轮)
  [romance 55/80] ✓ 暧昧-日常关心 (8轮)
  [romance 56/80] ✓ 暧昧-你对她好 (1轮)
  [romance 57/80] ✓ 暧昧-不经意接触 (1轮)
  [romance 58/80] ✓ 暧昧-深夜真心话 (1轮)
  [romance 59/80] ✓ 暧昧-异世界暗示 (1轮)
  [romance 60/80] ✓ 暧昧-异世界暗示 (1轮)
  [romance 61/80] ✓ 暧昧-吃醋 (8轮)
  [romance 62/80] ✓ 暧昧-你对她好 (8轮)
  [romance 63/80] ✓ 暧昧-偷穿衣服 (8轮)
  [romance 64/80] ✓ 暧昧-画画秘密 (14轮)
  [romance 65/80] ✓ 暧昧-画画秘密 (14轮)
  [romance 66/80] ✓ 暧昧-生日/节日 (1轮)
  [romance 67/80] ✓ 暧昧-你对她好 (17轮)
  [romance 68/80] ✓ 暧昧-生日/节日 (10轮)
  [romance 69/80] ✓ 暧昧-吃醋 (1轮)
  [romance 70/80] ✓ 暧昧-画画秘密 (10轮)
  [romance 71/80] ✓ 暧昧-异世界暗示 (13轮)
  [romance 72/80] ✓ 暧昧-吃醋 (12轮)
  [romance 73/80] ✓ 暧昧-异世界暗示 (1轮)
  [romance 74/80] ✓ 暧昧-你说她好看 (1轮)
  [romance 75/80] ✓ 暧昧-你说她好看 (14轮)
  [romance 76/80] ✓ 暧昧-画画秘密 (13轮)
  [romance 77/80] ✓ 暧昧-画画秘密 (12轮)
  [romance 78/80] ✓ 暧昧-你说她好看 (1轮)
  [romance 79/80] ✓ 暧昧-日常关心 (12轮)
  [romance 80/80] ✓ 暧昧-异世界暗示 (1轮)

=== 生成身份锚 30 条 ===
  [identity 1/30] ✓ 你有什么缺点？
  [identity 2/30] ✓ 你觉得我怎么样？
  [identity 3/30] ✓ 你觉得我怎么样？
  [identity 4/30] ✓ 你有什么怕的？
  [identity 5/30] ✓ 你数学怎么样？
  [identity 6/30] ✓ 你喜欢吃什么？
  [identity 7/30] ✓ 你叫什么？
  [identity 8/30] ✓ 你今年多大？
  [identity 9/30] ✓ 你有什么爱好？
  [identity 10/30] ✓ 你叫什么？
  [identity 11/30] ✓ 你平时几点睡？
  [identity 12/30] ✓ 你为什么叫我大叔？
  [identity 13/30] ✓ 你怎么住我这的？
  [identity 14/30] ✓ 你爸妈是干什么的？
  [identity 15/30] ✓ 你有什么怕的？
  [identity 16/30] ✓ 你觉得我怎么样？
  [identity 17/30] ✓ 你画画画多久了？
  [identity 18/30] ✓ 你和我什么关系？
  [identity 19/30] ✓ 你为什么叫秦老？
  [identity 20/30] ✓ 你和我从小就认识吗？
  [identity 21/30] ✓ 你觉得我怎么样？
  [identity 22/30] ✓ 你叫什么？
  [identity 23/30] ✓ 你为什么叫秦老？
  [identity 24/30] ✓ 你和我什么关系？
  [identity 25/30] ✓ 你和我从小就认识吗？
  [identity 26/30] ✓ 你平时几点睡？
  [identity 27/30] ✓ 你爸妈是干什么的？
  [identity 28/30] ✓ 你住我这习惯吗？
  [identity 29/30] ✓ 你为什么叫秦老？
  [identity 30/30] ✓ 你和我从小就认识吗？

=== 生成情绪标注 100 条 ===
  [emotion 1/100] ✓ 你问她今天怎么了 (1轮)
  [emotion 2/100] ✓ 你提到别的女生 (1轮)
  [emotion 3/100] ✓ 你抢她零食 (1轮)
  [emotion 4/100] ✓ 你抢她零食 (14轮)
  [emotion 5/100] ✓ 你突然对她很温柔 (1轮)
  [emotion 6/100] ✓ 你和她一起看晚霞 (8轮)
  [emotion 7/100] ✓ 你和她一起看晚霞 (14轮)
  [emotion 8/100] ✓ 你抢她零食 (12轮)
  [emotion 9/100] ✓ 你说了句以前不是这样的 (1轮)
  [emotion 10/100] ✓ 你突然对她很温柔 (1轮)
  [emotion 11/100] ✓ 你抢她零食 (1轮)
  [emotion 12/100] ✓ 你抢她零食 (11轮)
  [emotion 13/100] ✓ 你和她一起看晚霞 (18轮)
  [emotion 14/100] ✓ 你说了句以前不是这样的 (1轮)
  [emotion 15/100] ✓ 你做了好吃的给她 (1轮)
  [emotion 16/100] ✓ 你做了好吃的给她 (1轮)
  [emotion 17/100] ✓ 你说了句以前不是这样的 (1轮)
  [emotion 18/100] ✓ 你抢她零食 (14轮)
  [emotion 19/100] ✓ 你偷看她的画 (1轮)
  [emotion 20/100] ✓ 你送她礼物 (8轮)
  [emotion 21/100] ✓ 你在打游戏输了 (14轮)
  [emotion 22/100] ✓ 你深夜不睡觉 (1轮)
  [emotion 23/100] ✓ 你说了句以前不是这样的 (8轮)
  [emotion 24/100] ✓ 你深夜不睡觉 (16轮)
  [emotion 25/100] ✓ 你提到别的女生 (1轮)
  [emotion 26/100] ✓ 你做了和异世界一样的动作 (8轮)
  [emotion 27/100] ✓ 你做了和异世界一样的动作 (1轮)
  [emotion 28/100] ✓ 你提到别的女生 (14轮)
  [emotion 29/100] ✓ 你抢她零食 (12轮)
  [emotion 30/100] ✓ 你抢她零食 (1轮)
  [emotion 31/100] ✓ 你在打游戏输了 (1轮)
  [emotion 32/100] ✓ 你抢她零食 (1轮)
  [emotion 33/100] ✓ 你问她今天怎么了 (14轮)
  [emotion 34/100] ✓ 你半夜敲她房门 (1轮)
  [emotion 35/100] ✓ 你偷看她的画 (12轮)
  [emotion 36/100] ✓ 你抢她零食 (12轮)
  [emotion 37/100] ✓ 你说了句以前不是这样的 (1轮)
  [emotion 38/100] ✓ 你深夜不睡觉 (8轮)
  [emotion 39/100] ✓ 你突然对她很温柔 (1轮)
  [emotion 40/100] ✓ 你问她今天怎么了 (8轮)
  [emotion 41/100] ✓ 你帮她算数学题 (16轮)
  [emotion 42/100] ✓ 你半夜敲她房门 (1轮)
  [emotion 43/100] ✓ 你帮她算数学题 (1轮)
  [emotion 44/100] ✓ 你抢她零食 (1轮)
  [emotion 45/100] ✓ 你偷看她的画 (1轮)
  [emotion 46/100] ✓ 你在打游戏输了 (13轮)
  [emotion 47/100] ✓ 你突然对她很温柔 (1轮)
  [emotion 48/100] ✓ 你在打游戏输了 (1轮)
  [emotion 49/100] ✓ 你问她今天怎么了 (10轮)
  [emotion 50/100] ✓ 你偷看她的画 (1轮)
  [emotion 51/100] ✓ 你提到别的女生 (10轮)
  [emotion 52/100] ✓ 你和她一起看晚霞 (12轮)
  [emotion 53/100] ✓ 你在打游戏输了 (1轮)
  [emotion 54/100] ✓ 你突然对她很温柔 (1轮)
  [emotion 55/100] ✓ 你送她礼物 (8轮)
  [emotion 56/100] ✓ 你说了句以前不是这样的 (1轮)
  [emotion 57/100] ✓ 你说了句以前不是这样的 (1轮)
  [emotion 58/100] ✓ 你半夜敲她房门 (10轮)
  [emotion 59/100] ✓ 你说了句以前不是这样的 (1轮)
  [emotion 60/100] ✓ 你抢她零食 (1轮)
  [emotion 61/100] ✓ 你抢她零食 (1轮)
  [emotion 62/100] ✓ 你在打游戏输了 (1轮)
  [emotion 63/100] ✓ 你问她今天怎么了 (1轮)
  [emotion 64/100] ✓ 你突然对她很温柔 (1轮)
  [emotion 65/100] ✓ 你做了好吃的给她 (1轮)
  [emotion 66/100] ✓ 你说了句以前不是这样的 (1轮)
  [emotion 67/100] ✓ 你抢她零食 (12轮)
  [emotion 68/100] ✓ 你半夜敲她房门 (1轮)
  [emotion 69/100] ✓ 你提到别的女生 (1轮)
  [emotion 70/100] ✓ 你突然对她很温柔 (1轮)
  [emotion 71/100] ✓ 你突然对她很温柔 (1轮)
  [emotion 72/100] ✓ 你深夜不睡觉 (12轮)
  [emotion 73/100] ✓ 你抢她零食 (1轮)
  [emotion 74/100] ✓ 你做了和异世界一样的动作 (1轮)
  [emotion 75/100] ✓ 你突然对她很温柔 (1轮)
  [emotion 76/100] ✓ 你做了好吃的给她 (12轮)
  [emotion 77/100] ✓ 你在打游戏输了 (1轮)
  [emotion 78/100] ✓ 你提到别的女生 (1轮)
  [emotion 79/100] ✓ 你深夜不睡觉 (14轮)
  [emotion 80/100] ✓ 你半夜敲她房门 (1轮)
  [emotion 81/100] ✓ 你抢她零食 (11轮)
  [emotion 82/100] ✓ 你在打游戏输了 (1轮)
  [emotion 83/100] ✓ 你帮她算数学题 (1轮)
  [emotion 84/100] ✓ 你做了和异世界一样的动作 (1轮)
  [emotion 85/100] ✓ 你半夜敲她房门 (1轮)
  [emotion 86/100] ✓ 你夸她好看 (10轮)
  [emotion 87/100] ✓ 你问她今天怎么了 (1轮)
  [emotion 88/100] ✓ 你在打游戏输了 (1轮)
  [emotion 89/100] ✓ 你送她礼物 (11轮)
  [emotion 90/100] ✓ 你夸她好看 (8轮)
  [emotion 91/100] ✓ 你帮她算数学题 (12轮)
  [emotion 92/100] ✓ 你突然对她很温柔 (1轮)
  [emotion 93/100] ✓ 你问她今天怎么了 (1轮)
  [emotion 94/100] ✓ 你做了和异世界一样的动作 (1轮)
  [emotion 95/100] ✓ 你做了和异世界一样的动作 (1轮)
  [emotion 96/100] ✓ 你做了好吃的给她 (1轮)
  [emotion 97/100] ✓ 你抢她零食 (12轮)
  [emotion 98/100] ✓ 你提到别的女生 (1轮)
  [emotion 99/100] ✓ 你帮她算数学题 (8轮)
  [emotion 100/100] ✓ 你抢她零食 (1轮)

=== 完成 ===
总计 310 条 → F:\AiPeople\data\life_corpus\qwx_all.jsonl
闲聊 100 + 恋爱 80 + 身份 30 + 情绪 100

下一步: python -m data_gen.consistency_check --in F:\AiPeople\data\life_corpus\qwx_all.jsonl
