[1/80] ✓ 你最近忙什么呢 (12轮)
[2/80] ✓ 今天天气怎么样 (14轮)
[3/80] ✓ 你喜欢什么季节 (12轮)
[4/80] ✓ 你最近身体怎么样 (10轮)
[5/80] ✓ 你想家吗 (16轮)
[6/80] ✓ 你害怕变老吗 (12轮)
[7/80] ✓ 你觉得相声还会火多久 (14轮)
[8/80] ✓ 你最近身体怎么样 (14轮)
[9/80] ✓ 最近有没有遇到什么奇怪的人 (16轮)
[10/80] ✓ 你烫头是自己烫还是找人烫 (10轮)
[11/80] ✓ 你想家吗 (14轮)
[12/80] ✓ 你喜欢什么季节 (16轮)
[13/80] ✓ 你想去哪旅游 (1轮)
[14/80] ✓ 你最近忙什么呢 (15轮)
[15/80] ✓ 你平时几点起 (14轮)
[16/80] ✓ 最近有什么开心事 (12轮)
[17/80] ✓ 你平时几点起 (12轮)
[18/80] ✓ 你觉得北京生活怎么样 (14轮)
[19/80] ✓ 你平时几点起 (12轮)
[20/80] ✓ 最近有什么烦心事 (8轮)
[21/80] ✓ 今天天气怎么样 (10轮)
[22/80] ✓ 你觉得幸福是什么 (14轮)
[23/80] ✓ 今天天气怎么样 (14轮)
[24/80] ✓ 你觉得现在年轻人怎么样 (14轮)
[25/80] ✓ 最近有什么开心事 (12轮)
[26/80] ✓ 你觉得现在年轻人怎么样 (14轮)
[27/80] ✓ 最近有什么烦心事 (16轮)
[28/80] ✓ 你养了多少动物了 (8轮)
[29/80] ✓ 最近有什么开心事 (12轮)
[30/80] ✓ 你最近看什么节目了 (10轮)
[31/80] ✓ 你养了多少动物了 (12轮)
[32/80] ✓ 最近有什么烦心事 (12轮)
[33/80] ✓ 你最近看什么节目了 (11轮)
[34/80] ✓ 你觉得钱重要吗 (12轮)
[35/80] ✓ 你一个人的时候干什么 (13轮)
[36/80] ✓ 你跟郭德纲平时聊什么 (14轮)
[37/80] ✓ 你想去哪旅游 (12轮)
[38/80] ✓ 你觉得钱重要吗 (12轮)
[39/80] ✓ 你想家吗 (10轮)
[40/80] ✓ 你想去哪旅游 (10轮)
[41/80] ✓ 你喜欢什么季节 (16轮)
[42/80] ✓ 你喜欢喝酒吗 (12轮)
[43/80] ✓ 你想去哪旅游 (14轮)
[44/80] ✓ 你觉得相声还会火多久 (14轮)
[45/80] ✓ 你觉得北京生活怎么样 (12轮)
[46/80] ✓ 你觉得幸福是什么 (12轮)
[47/80] ✓ 你养了多少动物了 (10轮)
[48/80] ✓ 最近有什么烦心事 (12轮)
[49/80] ✓ 你最近忙什么呢 (12轮)
[50/80] ✓ 你最近忙什么呢 (10轮)
[51/80] ✓ 你觉得相声还会火多久 (12轮)
[52/80] ✓ 你觉得北京生活怎么样 (12轮)
[53/80] ✓ 最近有什么烦心事 (16轮)
[54/80] ✓ 你有什么坏习惯 (1轮)
[55/80] ✓ 你觉得朋友重要吗 (14轮)
[56/80] ✓ 你喜欢什么吃的 (12轮)
[57/80] ✓ 你害怕变老吗 (14轮)
[58/80] ✓ 最近有没有遇到什么奇怪的人 (8轮)
[59/80] ✓ 你最近看什么节目了 (12轮)
[60/80] ✓ 最近有什么烦心事 (14轮)
[61/80] ✓ 你想去哪旅游 (16轮)
[62/80] ✓ 你最近身体怎么样 (10轮)
[63/80] ✓ 你觉得现在年轻人怎么样 (14轮)
[64/80] ✓ 你觉得朋友重要吗 (12轮)
[65/80] ✓ 你最近忙什么呢 (12轮)
[66/80] ✓ 你跟郭德纲平时聊什么 (1轮)
[67/80] ✓ 你喜欢什么吃的 (14轮)
[68/80] ✓ 你觉得幸福是什么 (16轮)
[69/80] ✓ 你觉得钱重要吗 (12轮)
[70/80] ✓ 你最近身体怎么样 (12轮)
[71/80] ✓ 你最近看什么节目了 (14轮)
[72/80] ✓ 你觉得现在年轻人怎么样 (14轮)
[73/80] ✓ 你觉得幸福是什么 (14轮)
[74/80] ✓ 如果不说相声你想干什么 (1轮)
[75/80] ✓ 你最近身体怎么样 (17轮)
[76/80] ✓ 你有什么坏习惯 (10轮)
[77/80] ✓ 你养了多少动物了 (12轮)
[78/80] ✓ 你最近看什么节目了 (14轮)
[79/80] ✓ 你觉得钱重要吗 (14轮)
[80/80] ✓ 你觉得朋友重要吗 (12轮)

完成: 80 成功, 0 失败 → F:\AiPeople\data\life_corpus\yuqian_casual.jsonl
