待修复: 143 条
  [casual 1/143] ✓ 修复 (你能不能别霸占客厅 10轮)
  [casual 2/143] ✓ 修复 (你觉得这周过得快不快 15轮)
  [casual 3/143] ✓ 修复 (今天好冷/好热 14轮)
  [casual 4/143] ✓ 修复 (你画的东西好奇怪 16轮)
  [casual 5/143] ✓ 修复 (明天一起出门吧 16轮)
  [casual 6/143] ✓ 修复 (你能不能别霸占客厅 8轮)
  [casual 7/143] ✓ 修复 (帮我算个账 12轮)
  [casual 8/143] ✓ 修复 (帮我拿个快递 9轮)
  [casual 9/143] ✓ 修复 (你偷吃我零食了吧 8轮)
  [casual 10/143] ✓ 修复 (今天吃什么 8轮)
  [casual 11/143] ✓ 修复 (你房间好乱 10轮)
  [casual 12/143] ✗ 仍失败 (你昨天说梦话了 1轮)
  [casual 13/143] ✓ 修复 (你最近工作怎么样 8轮)
  [casual 14/143] ✓ 修复 (你觉得这周过得快不快 12轮)
  [casual 15/143] ✓ 修复 (该打扫卫生了 16轮)
  [casual 16/143] ✗ 仍失败 (明天一起出门吧 1轮)
  [casual 17/143] ✓ 修复 (你昨天说梦话了 17轮)
  [casual 18/143] ✓ 修复 (你又在打游戏 16轮)
  [casual 19/143] ✓ 修复 (借我充电器 10轮)
  [casual 20/143] ✓ 修复 (你好吵能不能安静点 10轮)
  [casual 21/143] ✓ 修复 (周末干什么 16轮)
  [casual 22/143] ✓ 修复 (你最近在看什么 12轮)
  [casual 23/143] ✓ 修复 (明天一起出门吧 14轮)
  [casual 24/143] ✓ 修复 (你觉得这周过得快不快 8轮)
  [casual 25/143] ✓ 修复 (今天画画了吗 14轮)
  [casual 26/143] ✓ 修复 (你昨天说梦话了 9轮)
  [casual 27/143] ✗ 仍失败 (你能不能别霸占客厅 1轮)
  [casual 28/143] ✓ 修复 (你偷吃我零食了吧 8轮)
  [casual 29/143] ✓ 修复 (借我充电器 12轮)
  [casual 30/143] ✓ 修复 (你偷吃我零食了吧 10轮)
  [casual 31/143] ✓ 修复 (你最近在看什么 14轮)
  [casual 32/143] ✓ 修复 (你今天回来好晚 14轮)
  [casual 33/143] ✓ 修复 (你画的东西好奇怪 10轮)
  [casual 34/143] ✓ 修复 (帮我算个账 8轮)
  [casual 35/143] ✓ 修复 (你觉得这周过得快不快 8轮)
  [casual 36/143] ✓ 修复 (你画的东西好奇怪 12轮)
  [casual 37/143] ✓ 修复 (周末干什么 12轮)
  [casual 38/143] ✓ 修复 (你昨天说梦话了 13轮)
  [casual 39/143] ✗ 仍失败 (你昨天说梦话了 1轮)
  [casual 40/143] ✓ 修复 (你最近工作怎么样 10轮)
  [casual 41/143] ✓ 修复 (你画的东西好奇怪 8轮)
  [casual 42/143] ✗ 仍失败 (你今天回来好晚 1轮)
  [casual 43/143] ✓ 修复 (你画的东西好奇怪 10轮)
  [casual 44/143] ✓ 修复 (你觉得这周过得快不快 12轮)
  [casual 45/143] ✓ 修复 (你最近在看什么 12轮)
  [casual 46/143] ✓ 修复 (你房间好乱 14轮)
  [casual 47/143] ✓ 修复 (你又在打游戏 13轮)
  [casual 48/143] ✓ 修复 (你偷吃我零食了吧 8轮)
  [romance 49/143] ✓ 修复 (暧昧-吵架后和好 8轮)
  [romance 50/143] ✓ 修复 (暧昧-异世界暗示 12轮)
  [romance 51/143] ✓ 修复 (暧昧-吵架后和好 16轮)
  [romance 52/143] ✓ 修复 (暧昧-你对她好 16轮)
  [romance 53/143] ✓ 修复 (暧昧-吵架后和好 18轮)
  [romance 54/143] ✓ 修复 (暧昧-你对她好 10轮)
  [romance 55/143] ✓ 修复 (暧昧-吵架后和好 13轮)
  [romance 56/143] ✓ 修复 (暧昧-异世界暗示 8轮)
  [romance 57/143] ✓ 修复 (暧昧-吵架后和好 12轮)
  [romance 58/143] ✓ 修复 (暧昧-深夜真心话 10轮)
  [romance 59/143] ✓ 修复 (暧昧-生日/节日 16轮)
  [romance 60/143] ✗ 仍失败 (暧昧-不经意接触 1轮)
  [romance 61/143] ✓ 修复 (暧昧-吵架后和好 14轮)
  [romance 62/143] ✓ 修复 (暧昧-异世界暗示 14轮)
  [romance 63/143] ✓ 修复 (暧昧-吵架后和好 8轮)
  [romance 64/143] ✓ 修复 (暧昧-生日/节日 10轮)
  [romance 65/143] ✓ 修复 (暧昧-你对她好 15轮)
  [romance 66/143] ✓ 修复 (暧昧-日常关心 13轮)
  [romance 67/143] ✗ 仍失败 (暧昧-你对她好 1轮)
  [romance 68/143] ✓ 修复 (暧昧-吵架后和好 8轮)
  [romance 69/143] ✓ 修复 (暧昧-生病 8轮)
  [romance 70/143] ✓ 修复 (暧昧-你对她好 10轮)
  [romance 71/143] ✓ 修复 (暧昧-不经意接触 18轮)
  [romance 72/143] ✗ 仍失败 (暧昧-深夜真心话 1轮)
  [romance 73/143] ✓ 修复 (暧昧-异世界暗示 16轮)
  [romance 74/143] ✓ 修复 (暧昧-异世界暗示 12轮)
  [romance 75/143] ✓ 修复 (暧昧-生日/节日 14轮)
  [romance 76/143] ✓ 修复 (暧昧-吃醋 8轮)
  [romance 77/143] ✓ 修复 (暧昧-异世界暗示 12轮)
  [romance 78/143] ✓ 修复 (暧昧-你说她好看 8轮)
  [romance 79/143] ✓ 修复 (暧昧-你说她好看 8轮)
  [romance 80/143] ✓ 修复 (暧昧-异世界暗示 14轮)
  [emotion 81/143] ✓ 修复 (你问她今天怎么了 10轮)
  [emotion 82/143] ✓ 修复 (你提到别的女生 12轮)
  [emotion 83/143] ✓ 修复 (你抢她零食 16轮)
  [emotion 84/143] ✓ 修复 (你突然对她很温柔 14轮)
  [emotion 85/143] ✓ 修复 (你说了句以前不是这样的 14轮)
  [emotion 86/143] ✓ 修复 (你突然对她很温柔 12轮)
  [emotion 87/143] ✓ 修复 (你抢她零食 8轮)
  [emotion 88/143] ✓ 修复 (你说了句以前不是这样的 10轮)
  [emotion 89/143] ✓ 修复 (你做了好吃的给她 16轮)
  [emotion 90/143] ✓ 修复 (你做了好吃的给她 17轮)
  [emotion 91/143] ✗ 仍失败 (你说了句以前不是这样的 1轮)
  [emotion 92/143] ✓ 修复 (你偷看她的画 14轮)
  [emotion 93/143] ✓ 修复 (你深夜不睡觉 12轮)
  [emotion 94/143] ✓ 修复 (你提到别的女生 12轮)
  [emotion 95/143] ✓ 修复 (你做了和异世界一样的动作 12轮)
  [emotion 96/143] ✓ 修复 (你抢她零食 8轮)
  [emotion 97/143] ✓ 修复 (你在打游戏输了 8轮)
  [emotion 98/143] ✓ 修复 (你抢她零食 14轮)
  [emotion 99/143] ✓ 修复 (你半夜敲她房门 12轮)
  [emotion 100/143] ✓ 修复 (你说了句以前不是这样的 12轮)
  [emotion 101/143] ✓ 修复 (你突然对她很温柔 12轮)
  [emotion 102/143] ✗ 仍失败 (你半夜敲她房门 1轮)
  [emotion 103/143] ✓ 修复 (你帮她算数学题 12轮)
  [emotion 104/143] ✓ 修复 (你抢她零食 12轮)
  [emotion 105/143] ✓ 修复 (你偷看她的画 12轮)
  [emotion 106/143] ✓ 修复 (你突然对她很温柔 14轮)
  [emotion 107/143] ✓ 修复 (你在打游戏输了 14轮)
  [emotion 108/143] ✓ 修复 (你偷看她的画 14轮)
  [emotion 109/143] ✓ 修复 (你在打游戏输了 12轮)
  [emotion 110/143] ✓ 修复 (你突然对她很温柔 14轮)
  [emotion 111/143] ✓ 修复 (你说了句以前不是这样的 12轮)
  [emotion 112/143] ✓ 修复 (你说了句以前不是这样的 10轮)
  [emotion 113/143] ✓ 修复 (你说了句以前不是这样的 12轮)
  [emotion 114/143] ✓ 修复 (你抢她零食 14轮)
  [emotion 115/143] ✓ 修复 (你抢她零食 12轮)
  [emotion 116/143] ✓ 修复 (你在打游戏输了 8轮)
  [emotion 117/143] ✓ 修复 (你问她今天怎么了 16轮)
  [emotion 118/143] ✓ 修复 (你突然对她很温柔 8轮)
  [emotion 119/143] ✓ 修复 (你做了好吃的给她 12轮)
  [emotion 120/143] ✓ 修复 (你说了句以前不是这样的 8轮)
  [emotion 121/143] ✓ 修复 (你半夜敲她房门 8轮)
  [emotion 122/143] ✓ 修复 (你提到别的女生 10轮)
  [emotion 123/143] ✗ 仍失败 (你突然对她很温柔 1轮)
  [emotion 124/143] ✓ 修复 (你突然对她很温柔 10轮)
  [emotion 125/143] ✓ 修复 (你抢她零食 10轮)
  [emotion 126/143] ✓ 修复 (你做了和异世界一样的动作 14轮)
  [emotion 127/143] ✓ 修复 (你突然对她很温柔 16轮)
  [emotion 128/143] ✓ 修复 (你在打游戏输了 10轮)
  [emotion 129/143] ✓ 修复 (你提到别的女生 12轮)
  [emotion 130/143] ✗ 仍失败 (你半夜敲她房门 1轮)
  [emotion 131/143] ✓ 修复 (你在打游戏输了 14轮)
  [emotion 132/143] ✗ 仍失败 (你帮她算数学题 1轮)
  [emotion 133/143] ✓ 修复 (你做了和异世界一样的动作 8轮)
  [emotion 134/143] ✓ 修复 (你半夜敲她房门 14轮)
  [emotion 135/143] ✓ 修复 (你问她今天怎么了 8轮)
  [emotion 136/143] ✓ 修复 (你在打游戏输了 14轮)
  [emotion 137/143] ✓ 修复 (你突然对她很温柔 14轮)
  [emotion 138/143] ✓ 修复 (你问她今天怎么了 10轮)
  [emotion 139/143] ✓ 修复 (你做了和异世界一样的动作 14轮)
  [emotion 140/143] ✓ 修复 (你做了和异世界一样的动作 12轮)
  [emotion 141/143] ✓ 修复 (你做了好吃的给她 8轮)
  [emotion 142/143] ✓ 修复 (你提到别的女生 12轮)
  [emotion 143/143] ✓ 修复 (你抢她零食 12轮)

=== 修复完成: 130/143 → F:\AiPeople\data\life_corpus\qwx_all.jsonl ===
