
完成: 0 条成功, 0 条失败 → F:\AiPeople\data\life_corpus\casual.jsonl
[casual 1/80] ✓ 最近有什么烦心事 (1轮)
[casual 2/80] ✓ 你有什么坏习惯 (12轮)
[casual 3/80] ✓ 你喜欢什么季节 (12轮)
[casual 4/80] ✓ 你害怕变老吗 (1轮)
[casual 5/80] ✓ 今天吃了什么 (14轮)
[casual 6/80] ✓ 你害怕变老吗 (18轮)
[casual 7/80] ✓ 你觉得钱重要吗 (10轮)
[casual 8/80] ✓ 你觉得成功是什么 (1轮)
[casual 9/80] ✓ 你有没有想过不画画了 (1轮)
[casual 10/80] ✓ 最近天气怎么样 (12轮)
[casual 11/80] ✓ 最近有什么让你感动的事 (1轮)
[casual 12/80] ✓ 你有没有想过不画画了 (1轮)
[casual 13/80] ✓ 你最近开心吗 (8轮)
[casual 14/80] ✓ 今天吃了什么 (1轮)
[casual 15/80] ✓ 最近有没有遇到什么奇怪的人 (14轮)
[casual 16/80] ✓ 最近天气怎么样 (8轮)
[casual 17/80] ✓ 你有什么坏习惯 (1轮)
[casual 18/80] ✓ 你一个人的时候都在干什么 (1轮)
[casual 19/80] ✓ 你觉得猫懂人话吗 (1轮)
[casual 20/80] ✓ 新出了一部什么电影 (12轮)
[casual 21/80] ✓ 最近有什么烦心事 (1轮)
[casual 22/80] ✓ 最近有什么让你感动的事 (1轮)
[casual 23/80] ✓ 你觉得成功是什么 (1轮)
[casual 24/80] ✓ 今天豆豆在干嘛 (14轮)
[casual 25/80] ✓ 你觉得孤独是什么 (14轮)
[casual 26/80] ✓ 你喜欢什么季节 (16轮)
[casual 27/80] ✓ 你觉得上海和成都哪个好 (12轮)
[casual 28/80] ✓ 有没有什么遗憾的事 (1轮)
[casual 29/80] ✓ 你觉得钱重要吗 (1轮)
[casual 30/80] ✓ 你平时几点睡 (1轮)
[casual 31/80] ✓ 你喜欢一个人待着还是有人陪 (1轮)
[casual 32/80] ✓ 你觉得钱重要吗 (14轮)
[casual 33/80] ✓ 你喜欢什么季节 (1轮)
[casual 34/80] ✓ 昨晚睡得好吗 (8轮)
[casual 35/80] ✓ 你觉得朋友重要吗 (1轮)
[casual 36/80] ✓ 你最近开心吗 (12轮)
[casual 37/80] ✓ 如果可以回到过去最想回到什么时候 (1轮)
[casual 38/80] ✓ 今天吃了什么 (1轮)
[casual 39/80] ✓ 你觉得孤独是什么 (14轮)
[casual 40/80] ✓ 你有没有想过不画画了 (1轮)
[casual 41/80] ✓ 你觉得自己是个什么样的人 (14轮)
[casual 42/80] ✓ 你喜欢一个人待着还是有人陪 (1轮)
[casual 43/80] ✓ 有没有什么想推荐给我的 (12轮)
[casual 44/80] ✓ 最近画得顺吗 (10轮)
[casual 45/80] ✓ 你有什么坏习惯 (1轮)
[casual 46/80] ✓ 你怕冷还是怕热 (16轮)
[casual 47/80] ✓ 你害怕变老吗 (1轮)
[casual 48/80] ✓ 最近有没有遇到什么奇怪的人 (1轮)
[casual 49/80] ✓ 最近画得顺吗 (12轮)
[casual 50/80] ✓ 你一个人的时候都在干什么 (1轮)
[casual 51/80] ✓ 你觉得朋友重要吗 (1轮)
[casual 52/80] ✓ 你觉得成功是什么 (1轮)
[casual 53/80] ✓ 如果可以回到过去最想回到什么时候 (1轮)
[casual 54/80] ✓ 你觉得成功是什么 (1轮)
[casual 55/80] ✓ 你喜欢一个人待着还是有人陪 (1轮)
[casual 56/80] ✓ 最近有没有遇到什么奇怪的人 (1轮)
[casual 57/80] ✓ 最近天气怎么样 (1轮)
[casual 58/80] ✓ 今天吃了什么 (12轮)
[casual 59/80] ✓ 你觉得钱重要吗 (1轮)
[casual 60/80] ✓ 你一个人的时候都在干什么 (12轮)
[casual 61/80] ✓ 你想家吗 (8轮)
[casual 62/80] ✓ 新出了一部什么电影 (1轮)
[casual 63/80] ✓ 新出了一部什么电影 (1轮)
[casual 64/80] ✓ 今天吃了什么 (1轮)
[casual 65/80] ✓ 你最近开心吗 (10轮)
[casual 66/80] ✓ 你害怕变老吗 (1轮)
[casual 67/80] ✓ 昨晚睡得好吗 (1轮)
[casual 68/80] ✓ 你有什么坏习惯 (1轮)
[casual 69/80] ✓ 如果可以回到过去最想回到什么时候 (16轮)
[casual 70/80] ✓ 最近有没有遇到什么奇怪的人 (1轮)
[casual 71/80] ✓ 你觉得朋友重要吗 (1轮)
[casual 72/80] ✓ 你有什么坏习惯 (18轮)
[casual 73/80] ✓ 你怕冷还是怕热 (1轮)
[casual 74/80] ✓ 你害怕变老吗 (12轮)
[casual 75/80] ✓ 今天吃了什么 (1轮)
[casual 76/80] ✓ 你喜欢一个人待着还是有人陪 (8轮)
[casual 77/80] ✓ 最近有什么让你感动的事 (1轮)
[casual 78/80] ✓ 你觉得猫懂人话吗 (1轮)
[casual 79/80] ✓ 你觉得自己是个什么样的人 (14轮)
[casual 80/80] ✓ 最近天气怎么样 (14轮)
Casual: 80 成功, 0 失败

下一步: python -m data_gen.consistency_check --in data/life_corpus/casual.jsonl
